Script started on Thu 01 Sep 2016 05:01:59 PM EDT
]0;root@localhost:~/cs161[?1034h[root@localhost cs161]# cd root/
]0;root@localhost:~/cs161/root[root@localhost root]# cs161pkernel[K[K[K[K[K[K[K-gdb kernel
[?1034hGNU gdb 6.6
Copyright (C) 2006 Free Software Foundation, Inc.
GDB is free software, covered by the GNU General Public License, and you are
welcome to change it and/or distribute copies of it under certain conditions.
Type "show copying" to see the conditions.
There is absolutely no warranty for GDB.  Type "show warranty" for details.
This GDB was configured as "--host=x86_64-unknown-linux-gnu --target=mips-elf"...
(gdb) target remote unix:.sockets/gdb
Remote debugging using unix:.sockets/gdb
__start () at ../../arch/mips/mips/start.S:24
24	../../arch/mips/mips/start.S: No such file or directory.
	in ../../arch/mips/mips/start.S
Current language:  auto; currently asm
(gdb) fj[K[Kbreak menu
Breakpoint 1 at 0x8001ba7c: file ../../main/menu.c, line 647.
(gdb) c
Continuing.

Breakpoint 1, menu (args=0x8002a354 "") at ../../main/menu.c:647
647		menu_execute(args, 1);
Current language:  auto; currently c
(gdb) where
#0  menu (args=0x8002a354 "") at ../../main/menu.c:647
#1  0xffffffff8001a9ac in kmain (arguments=0x8002a354 "") at ../../main/main.c:166
#2  0xffffffff8000d278 in __start () at ../../arch/mips/mips/start.S:163
(gdb) detach
Ending remote debugging.
(gdb) quit
]0;root@localhost:~/cs161/root[root@localhost root]# exit
exit

Script done on Thu 01 Sep 2016 05:03:58 PM EDT
